🎙 Using recording: /Users/tabiakarim/ByteBrains-DS2/data/runs/meeting-1771157507/mix_3m07s (audio-joiner.com) (1).mp3

[1/9]  Preprocessing audio...
Preprocessed audio: /Users/tabiakarim/ByteBrains-DS2/data/runs/meeting-1771157507/.voice_internal/processed.wav
Done in 0.17 sec

[2/9] 🧠 Pyannote diarization...
/Users/tabiakarim/ByteBrains-DS2/.venv-vr/lib/python3.10/site-packages/pyannote/audio/models/blocks/pooling.py:104: UserWarning: std(): degrees of freedom is <= 0. Correction should be strictly less than the reduction factor (input numel divided by output numel). (Triggered internally at /Users/runner/work/pytorch/pytorch/pytorch/aten/src/ATen/native/ReduceOps.cpp:1760.)
  std = sequences.std(dim=-1, correction=1)
[✓] Pyannote diarization done
Done in 154.62 sec

[3/9] ✂️ Converting annotation to segments...
✅ Pyannote segments (raw): 21
✅ Segments after filtering: 17
✅ Speech segments: 17

[4/9] 🧠 Extracting ECAPA embeddings...
    Embedding segment 1: 0.60 → 13.85
    ECAPA 1/17 | elapsed 0.1s | ETA 0.0 min
    Embedding segment 2: 33.07 → 41.43
    Embedding segment 3: 44.06 → 48.58
    Embedding segment 4: 49.04 → 54.54
    Embedding segment 5: 65.17 → 71.41
    Embedding segment 6: 71.80 → 76.42
    Embedding segment 7: 76.68 → 77.89
    Embedding segment 8: 78.47 → 99.09
    Embedding segment 9: 99.26 → 104.07
    Embedding segment 10: 104.37 → 108.12
    Embedding segment 11: 109.95 → 114.54
    ECAPA 11/17 | elapsed 0.6s | ETA 0.0 min
    Embedding segment 12: 116.45 → 117.55
    Embedding segment 13: 117.84 → 120.50
    Embedding segment 14: 120.92 → 123.30
    Embedding segment 15: 123.74 → 131.32
    Embedding segment 16: 135.79 → 160.83
    Embedding segment 17: 164.44 → 186.55
    ECAPA 17/17 | elapsed 0.9s | ETA 0.0 min
✅ Embeddings extracted: 17
✅ Done in 0.87 sec

[5/9] 🔗 Clustering embeddings...
✅ Done in 0.00 sec
[✓] Clustering done

[6/9] 🧭 Building speaker timeline...
✅ Done in 0.00 sec
Diarization saved to: /Users/tabiakarim/ByteBrains-DS2/data/runs/meeting-1771157507/.voice_internal
DEBUG — segments being saved: 17
[{'start': 0.6, 'end': 13.85, 'speaker': 'SPEAKER_2'}, {'start': 33.07, 'end': 41.43, 'speaker': 'SPEAKER_4'}, {'start': 44.06, 'end': 48.58, 'speaker': 'SPEAKER_0'}, {'start': 49.04, 'end': 54.54, 'speaker': 'SPEAKER_0'}, {'start': 65.17, 'end': 71.41, 'speaker': 'SPEAKER_1'}]
- /Users/tabiakarim/ByteBrains-DS2/data/runs/meeting-1771157507/.voice_internal/diarization.json
- /Users/tabiakarim/ByteBrains-DS2/data/runs/meeting-1771157507/.voice_internal/diarization.txt

[9/9] 🔊 Exporting speaker audio snippets...
Saved speaker audio: /Users/tabiakarim/ByteBrains-DS2/data/runs/meeting-1771157507/speaker_audio/SPEAKER_2.wav (13.25s)
Saved speaker audio: /Users/tabiakarim/ByteBrains-DS2/data/runs/meeting-1771157507/speaker_audio/SPEAKER_4.wav (8.36s)
Saved speaker audio: /Users/tabiakarim/ByteBrains-DS2/data/runs/meeting-1771157507/speaker_audio/SPEAKER_0.wav (23.74s)
Saved speaker audio: /Users/tabiakarim/ByteBrains-DS2/data/runs/meeting-1771157507/speaker_audio/SPEAKER_1.wav (25.22s)
Saved speaker audio: /Users/tabiakarim/ByteBrains-DS2/data/runs/meeting-1771157507/speaker_audio/SPEAKER_3.wav (67.77s)
✅ Done in 0.01 sec

[8/9] 📝 Whisper transcription...
[2026-02-15 13:14:27.303] [ctranslate2] [thread 5471495] [warning] The compute type inferred from the saved model is float16, but the target device or backend do not support efficient float16 computation. The model weights have been automatically converted to use the float32 compute type instead.
Transcription Done in 60.45 sec
Transcript with speakers saved at:
/Users/tabiakarim/ByteBrains-DS2/data/runs/meeting-1771157507/transcript_with_speakers.json
✅ Voice pipeline completed successfully
