🎙 Using recording: /Users/tabiakarim/ByteBrains-DS2/data/runs/meeting-1771183526/VIDEO-2026-02-14-20-49-11.mp4

[1/9]  Preprocessing audio...
Preprocessed audio: /Users/tabiakarim/ByteBrains-DS2/data/runs/meeting-1771183526/.voice_internal/processed.wav
Done in 1.00 sec

[2/9] 🧠 Pyannote diarization...
/Users/tabiakarim/ByteBrains-DS2/.venv-vr/lib/python3.10/site-packages/pyannote/audio/models/blocks/pooling.py:104: UserWarning: std(): degrees of freedom is <= 0. Correction should be strictly less than the reduction factor (input numel divided by output numel). (Triggered internally at /Users/runner/work/pytorch/pytorch/pytorch/aten/src/ATen/native/ReduceOps.cpp:1760.)
  std = sequences.std(dim=-1, correction=1)
[✓] Pyannote diarization done
Done in 2257.76 sec

[3/9] ✂️ Converting annotation to segments...
✅ Pyannote segments (raw): 530
✅ Segments after filtering: 308
✅ Speech segments: 308

[4/9] 🧠 Extracting ECAPA embeddings...
    Embedding segment 1: 0.03 → 1.84
    ECAPA 1/308 | elapsed 0.0s | ETA 0.1 min
    Embedding segment 2: 4.13 → 8.69
    Embedding segment 3: 10.92 → 12.55
    Embedding segment 4: 12.82 → 15.69
    Embedding segment 5: 16.86 → 20.11
    Embedding segment 6: 24.15 → 26.32
    Embedding segment 7: 27.08 → 29.22
    Embedding segment 8: 31.05 → 33.33
    Embedding segment 9: 34.30 → 36.67
    Embedding segment 10: 42.12 → 43.80
    Embedding segment 11: 52.39 → 74.38
    ECAPA 11/308 | elapsed 0.3s | ETA 0.1 min
    Embedding segment 12: 74.80 → 78.87
    Embedding segment 13: 80.19 → 90.78
    Embedding segment 14: 91.26 → 92.79
    Embedding segment 15: 93.64 → 139.76
    Embedding segment 16: 140.35 → 147.75
    Embedding segment 17: 148.23 → 153.75
    Embedding segment 18: 154.44 → 182.79
    Embedding segment 19: 183.23 → 184.76
    Embedding segment 20: 184.98 → 189.67
    Embedding segment 21: 190.04 → 195.34
    ECAPA 21/308 | elapsed 0.9s | ETA 0.2 min
    Embedding segment 22: 195.78 → 201.13
    Embedding segment 23: 201.15 → 204.47
    Embedding segment 24: 205.20 → 208.03
    Embedding segment 25: 208.64 → 214.60
    Embedding segment 26: 217.72 → 220.35
    Embedding segment 27: 221.36 → 222.53
    Embedding segment 28: 225.75 → 229.19
    Embedding segment 29: 230.05 → 233.85
    Embedding segment 30: 235.56 → 236.62
    Embedding segment 31: 237.16 → 245.39
    ECAPA 31/308 | elapsed 1.2s | ETA 0.2 min
    Embedding segment 32: 247.40 → 254.74
    Embedding segment 33: 256.62 → 258.22
    Embedding segment 34: 258.34 → 261.83
    Embedding segment 35: 262.81 → 268.33
    Embedding segment 36: 268.50 → 270.79
    Embedding segment 37: 271.23 → 276.22
    Embedding segment 38: 277.56 → 280.34
    Embedding segment 39: 280.61 → 282.47
    Embedding segment 40: 285.02 → 287.34
    Embedding segment 41: 287.97 → 291.21
    ECAPA 41/308 | elapsed 1.5s | ETA 0.2 min
    Embedding segment 42: 291.63 → 294.85
    Embedding segment 43: 294.97 → 296.54
    Embedding segment 44: 303.75 → 310.02
    Embedding segment 45: 311.31 → 314.92
    Embedding segment 46: 314.97 → 328.55
    Embedding segment 47: 328.74 → 342.00
    Embedding segment 48: 342.15 → 348.82
    Embedding segment 49: 349.24 → 363.37
    Embedding segment 50: 363.57 → 368.88
    Embedding segment 51: 369.15 → 371.65
    ECAPA 51/308 | elapsed 1.8s | ETA 0.2 min
    Embedding segment 52: 372.28 → 383.03
    Embedding segment 53: 383.50 → 386.43
    Embedding segment 54: 389.54 → 391.02
    Embedding segment 55: 391.50 → 392.61
    Embedding segment 56: 393.40 → 394.48
    Embedding segment 57: 395.50 → 397.77
    Embedding segment 58: 398.57 → 399.70
    Embedding segment 59: 399.97 → 402.85
    Embedding segment 60: 403.26 → 408.76
    Embedding segment 61: 409.27 → 412.15
    ECAPA 61/308 | elapsed 2.1s | ETA 0.1 min
    Embedding segment 62: 421.20 → 424.89
    Embedding segment 63: 427.02 → 428.81
    Embedding segment 64: 429.74 → 433.38
    Embedding segment 65: 435.19 → 436.52
    Embedding segment 66: 437.87 → 439.24
    Embedding segment 67: 439.95 → 441.75
    Embedding segment 68: 442.12 → 443.88
    Embedding segment 69: 444.52 → 446.73
    Embedding segment 70: 448.28 → 450.14
    Embedding segment 71: 451.00 → 454.73
    ECAPA 71/308 | elapsed 2.2s | ETA 0.1 min
    Embedding segment 72: 455.89 → 460.23
    Embedding segment 73: 460.74 → 464.08
    Embedding segment 74: 466.73 → 468.67
    Embedding segment 75: 474.78 → 475.79
    Embedding segment 76: 479.03 → 481.71
    Embedding segment 77: 487.62 → 490.03
    Embedding segment 78: 492.09 → 493.14
    Embedding segment 79: 493.42 → 498.74
    Embedding segment 80: 501.07 → 502.52
    Embedding segment 81: 507.39 → 511.36
    ECAPA 81/308 | elapsed 2.4s | ETA 0.1 min
    Embedding segment 82: 512.39 → 513.87
    Embedding segment 83: 515.75 → 522.62
    Embedding segment 84: 523.86 → 529.13
    Embedding segment 85: 530.21 → 532.52
    Embedding segment 86: 533.18 → 537.55
    Embedding segment 87: 542.21 → 543.88
    Embedding segment 88: 544.37 → 546.58
    Embedding segment 89: 551.93 → 557.43
    Embedding segment 90: 558.26 → 563.77
    Embedding segment 91: 565.38 → 568.57
    ECAPA 91/308 | elapsed 2.7s | ETA 0.1 min
    Embedding segment 92: 568.84 → 571.77
    Embedding segment 93: 572.33 → 575.94
    Embedding segment 94: 576.24 → 580.04
    Embedding segment 95: 580.70 → 584.82
    Embedding segment 96: 585.59 → 589.42
    Embedding segment 97: 590.37 → 593.51
    Embedding segment 98: 596.49 → 616.73
    Embedding segment 99: 617.40 → 628.81
    Embedding segment 100: 629.72 → 631.92
    Embedding segment 101: 633.87 → 635.43
    ECAPA 101/308 | elapsed 3.0s | ETA 0.1 min
    Embedding segment 102: 636.45 → 638.99
    Embedding segment 103: 643.15 → 647.71
    Embedding segment 104: 649.40 → 650.66
    Embedding segment 105: 651.71 → 652.86
    Embedding segment 106: 653.31 → 656.25
    Embedding segment 107: 658.00 → 663.83
    Embedding segment 108: 664.91 → 670.15
    Embedding segment 109: 671.03 → 674.96
    Embedding segment 110: 675.23 → 677.98
    Embedding segment 111: 679.01 → 680.09
    ECAPA 111/308 | elapsed 3.2s | ETA 0.1 min
    Embedding segment 112: 680.84 → 682.12
    Embedding segment 113: 685.31 → 687.64
    Embedding segment 114: 688.40 → 692.87
    Embedding segment 115: 695.18 → 699.60
    Embedding segment 116: 700.34 → 703.06
    Embedding segment 117: 703.58 → 705.88
    Embedding segment 118: 706.76 → 710.28
    Embedding segment 119: 710.64 → 712.21
    Embedding segment 120: 713.81 → 715.65
    Embedding segment 121: 716.88 → 720.14
    ECAPA 121/308 | elapsed 3.5s | ETA 0.1 min
    Embedding segment 122: 720.81 → 724.90
    Embedding segment 123: 724.96 → 726.85
    Embedding segment 124: 727.55 → 734.11
    Embedding segment 125: 734.73 → 736.98
    Embedding segment 126: 738.23 → 740.24
    Embedding segment 127: 741.05 → 742.70
    Embedding segment 128: 742.90 → 744.32
    Embedding segment 129: 744.84 → 749.08
    Embedding segment 130: 749.70 → 753.65
    Embedding segment 131: 754.24 → 755.42
    ECAPA 131/308 | elapsed 3.7s | ETA 0.1 min
    Embedding segment 132: 755.71 → 756.96
    Embedding segment 133: 759.34 → 765.57
    Embedding segment 134: 766.07 → 777.14
    Embedding segment 135: 777.63 → 784.01
    Embedding segment 136: 784.57 → 788.89
    Embedding segment 137: 788.46 → 791.76
    Embedding segment 138: 792.48 → 794.20
    Embedding segment 139: 794.71 → 802.45
    Embedding segment 140: 803.75 → 805.66
    Embedding segment 141: 805.78 → 810.27
    ECAPA 141/308 | elapsed 3.9s | ETA 0.1 min
    Embedding segment 142: 811.20 → 818.08
    Embedding segment 143: 818.55 → 822.08
    Embedding segment 144: 822.59 → 824.21
    Embedding segment 145: 824.21 → 838.55
    Embedding segment 146: 841.60 → 850.63
    Embedding segment 147: 850.94 → 852.12
    Embedding segment 148: 852.79 → 856.29
    Embedding segment 149: 859.69 → 861.87
    Embedding segment 150: 862.63 → 865.20
    Embedding segment 151: 866.09 → 868.01
    ECAPA 151/308 | elapsed 4.3s | ETA 0.1 min
    Embedding segment 152: 868.47 → 872.32
    Embedding segment 153: 874.29 → 876.48
    Embedding segment 154: 877.26 → 880.33
    Embedding segment 155: 884.57 → 886.05
    Embedding segment 156: 886.34 → 888.85
    Embedding segment 157: 889.39 → 890.49
    Embedding segment 158: 891.55 → 893.24
    Embedding segment 159: 893.95 → 895.17
    Embedding segment 160: 895.96 → 898.41
    Embedding segment 161: 898.61 → 900.77
    ECAPA 161/308 | elapsed 4.5s | ETA 0.1 min
    Embedding segment 162: 900.87 → 903.20
    Embedding segment 163: 903.33 → 906.62
    Embedding segment 164: 907.32 → 910.42
    Embedding segment 165: 916.23 → 918.13
    Embedding segment 166: 918.40 → 921.07
    Embedding segment 167: 923.45 → 929.35
    Embedding segment 168: 933.20 → 935.41
    Embedding segment 169: 935.46 → 937.05
    Embedding segment 170: 938.04 → 956.56
    Embedding segment 171: 956.66 → 960.17
    ECAPA 171/308 | elapsed 4.8s | ETA 0.1 min
    Embedding segment 172: 962.16 → 963.68
    Embedding segment 173: 964.42 → 967.42
    Embedding segment 174: 974.02 → 976.69
    Embedding segment 175: 977.35 → 983.05
    Embedding segment 176: 983.25 → 989.48
    Embedding segment 177: 989.65 → 991.10
    Embedding segment 178: 992.99 → 996.75
    Embedding segment 179: 996.97 → 1003.25
    Embedding segment 180: 1003.30 → 1004.55
    Embedding segment 181: 1005.16 → 1006.17
    ECAPA 181/308 | elapsed 5.0s | ETA 0.1 min
    Embedding segment 182: 1009.54 → 1023.28
    Embedding segment 183: 1024.39 → 1029.76
    Embedding segment 184: 1031.46 → 1034.20
    Embedding segment 185: 1034.97 → 1036.43
    Embedding segment 186: 1036.81 → 1038.82
    Embedding segment 187: 1039.11 → 1040.56
    Embedding segment 188: 1043.48 → 1056.56
    Embedding segment 189: 1056.91 → 1059.16
    Embedding segment 190: 1059.41 → 1062.08
    Embedding segment 191: 1062.50 → 1064.07
    ECAPA 191/308 | elapsed 5.3s | ETA 0.1 min
    Embedding segment 192: 1066.13 → 1068.27
    Embedding segment 193: 1070.92 → 1072.32
    Embedding segment 194: 1075.88 → 1076.99
    Embedding segment 195: 1077.47 → 1081.20
    Embedding segment 196: 1081.99 → 1084.79
    Embedding segment 197: 1085.48 → 1088.01
    Embedding segment 198: 1088.42 → 1089.58
    Embedding segment 199: 1090.34 → 1092.67
    Embedding segment 200: 1093.80 → 1096.33
    Embedding segment 201: 1107.22 → 1109.55
    ECAPA 201/308 | elapsed 5.5s | ETA 0.0 min
    Embedding segment 202: 1113.97 → 1115.54
    Embedding segment 203: 1124.55 → 1126.64
    Embedding segment 204: 1128.61 → 1130.05
    Embedding segment 205: 1131.03 → 1132.14
    Embedding segment 206: 1161.69 → 1165.38
    Embedding segment 207: 1167.49 → 1169.72
    Embedding segment 208: 1171.05 → 1175.34
    Embedding segment 209: 1178.48 → 1181.97
    Embedding segment 210: 1183.26 → 1184.27
    Embedding segment 211: 1183.27 → 1186.23
    ECAPA 211/308 | elapsed 5.6s | ETA 0.0 min
    Embedding segment 212: 1186.66 → 1188.42
    Embedding segment 213: 1191.32 → 1194.53
    Embedding segment 214: 1196.62 → 1201.43
    Embedding segment 215: 1203.07 → 1204.87
    Embedding segment 216: 1207.12 → 1208.97
    Embedding segment 217: 1216.68 → 1218.64
    Embedding segment 218: 1222.47 → 1224.55
    Embedding segment 219: 1227.35 → 1228.67
    Embedding segment 220: 1235.42 → 1238.20
    Embedding segment 221: 1239.13 → 1240.23
    ECAPA 221/308 | elapsed 5.8s | ETA 0.0 min
    Embedding segment 222: 1241.36 → 1243.31
    Embedding segment 223: 1244.31 → 1254.33
    Embedding segment 224: 1261.03 → 1263.95
    Embedding segment 225: 1266.28 → 1269.44
    Embedding segment 226: 1271.44 → 1273.40
    Embedding segment 227: 1275.73 → 1278.51
    Embedding segment 228: 1279.41 → 1289.35
    Embedding segment 229: 1296.77 → 1298.09
    Embedding segment 230: 1301.58 → 1304.84
    Embedding segment 231: 1304.99 → 1307.24
    ECAPA 231/308 | elapsed 6.1s | ETA 0.0 min
    Embedding segment 232: 1308.72 → 1311.67
    Embedding segment 233: 1320.43 → 1321.73
    Embedding segment 234: 1328.68 → 1330.64
    Embedding segment 235: 1332.94 → 1334.61
    Embedding segment 236: 1338.71 → 1340.07
    Embedding segment 237: 1346.42 → 1349.71
    Embedding segment 238: 1349.63 → 1353.61
    Embedding segment 239: 1366.01 → 1367.80
    Embedding segment 240: 1368.90 → 1370.70
    Embedding segment 241: 1372.32 → 1373.59
    ECAPA 241/308 | elapsed 6.3s | ETA 0.0 min
    Embedding segment 242: 1374.60 → 1376.34
    Embedding segment 243: 1377.45 → 1385.01
    Embedding segment 244: 1385.22 → 1386.46
    Embedding segment 245: 1389.54 → 1390.56
    Embedding segment 246: 1392.72 → 1394.53
    Embedding segment 247: 1395.86 → 1407.17
    Embedding segment 248: 1407.79 → 1409.73
    Embedding segment 249: 1412.97 → 1417.04
    Embedding segment 250: 1419.18 → 1427.49
    Embedding segment 251: 1427.94 → 1430.17
    ECAPA 251/308 | elapsed 6.6s | ETA 0.0 min
    Embedding segment 252: 1430.98 → 1434.30
    Embedding segment 253: 1437.21 → 1440.89
    Embedding segment 254: 1442.05 → 1444.60
    Embedding segment 255: 1446.00 → 1450.91
    Embedding segment 256: 1449.24 → 1452.53
    Embedding segment 257: 1452.97 → 1460.34
    Embedding segment 258: 1461.14 → 1463.79
    Embedding segment 259: 1464.68 → 1466.76
    Embedding segment 260: 1469.54 → 1473.34
    Embedding segment 261: 1474.11 → 1478.28
    ECAPA 261/308 | elapsed 6.9s | ETA 0.0 min
    Embedding segment 262: 1478.91 → 1484.20
    Embedding segment 263: 1484.98 → 1486.18
    Embedding segment 264: 1487.16 → 1493.52
    Embedding segment 265: 1492.42 → 1498.26
    Embedding segment 266: 1500.34 → 1510.31
    Embedding segment 267: 1510.39 → 1511.56
    Embedding segment 268: 1519.10 → 1522.31
    Embedding segment 269: 1523.61 → 1524.79
    Embedding segment 270: 1526.44 → 1527.96
    Embedding segment 271: 1529.34 → 1530.83
    ECAPA 271/308 | elapsed 7.1s | ETA 0.0 min
    Embedding segment 272: 1533.21 → 1538.56
    Embedding segment 273: 1541.56 → 1544.46
    Embedding segment 274: 1550.02 → 1551.82
    Embedding segment 275: 1552.55 → 1553.93
    Embedding segment 276: 1558.84 → 1560.92
    Embedding segment 277: 1564.80 → 1566.81
    Embedding segment 278: 1569.10 → 1570.15
    Embedding segment 279: 1574.57 → 1575.87
    Embedding segment 280: 1578.40 → 1579.97
    Embedding segment 281: 1600.24 → 1601.65
    ECAPA 281/308 | elapsed 7.3s | ETA 0.0 min
    Embedding segment 282: 1608.86 → 1611.04
    Embedding segment 283: 1614.73 → 1617.69
    Embedding segment 284: 1620.05 → 1622.16
    Embedding segment 285: 1623.19 → 1627.03
    Embedding segment 286: 1629.82 → 1631.13
    Embedding segment 287: 1634.59 → 1636.82
    Embedding segment 288: 1636.91 → 1637.97
    Embedding segment 289: 1644.09 → 1648.30
    Embedding segment 290: 1652.58 → 1657.11
    Embedding segment 291: 1658.02 → 1659.89
    ECAPA 291/308 | elapsed 7.5s | ETA 0.0 min
    Embedding segment 292: 1662.71 → 1672.46
    Embedding segment 293: 1672.60 → 1677.96
    Embedding segment 294: 1680.48 → 1681.88
    Embedding segment 295: 1685.74 → 1686.79
    Embedding segment 296: 1702.04 → 1703.60
    Embedding segment 297: 1706.95 → 1712.98
    Embedding segment 298: 1715.81 → 1717.01
    Embedding segment 299: 1719.56 → 1722.72
    Embedding segment 300: 1732.47 → 1735.19
    Embedding segment 301: 1735.96 → 1737.77
    ECAPA 301/308 | elapsed 7.7s | ETA 0.0 min
    Embedding segment 302: 1740.38 → 1741.55
    Embedding segment 303: 1742.05 → 1743.84
    Embedding segment 304: 1743.84 → 1745.80
    Embedding segment 305: 1746.17 → 1747.79
    Embedding segment 306: 1749.95 → 1751.07
    Embedding segment 307: 1752.06 → 1753.61
    Embedding segment 308: 1755.10 → 1757.48
    ECAPA 308/308 | elapsed 7.8s | ETA 0.0 min
✅ Embeddings extracted: 308
✅ Done in 7.87 sec

[5/9] 🔗 Clustering embeddings...
✅ Done in 0.01 sec
[✓] Clustering done

[6/9] 🧭 Building speaker timeline...
✅ Done in 0.00 sec
Diarization saved to: /Users/tabiakarim/ByteBrains-DS2/data/runs/meeting-1771183526/.voice_internal
DEBUG — segments being saved: 308
[{'start': 0.03, 'end': 1.84, 'speaker': 'SPEAKER_5'}, {'start': 4.13, 'end': 8.69, 'speaker': 'SPEAKER_2'}, {'start': 10.92, 'end': 12.55, 'speaker': 'SPEAKER_2'}, {'start': 12.82, 'end': 15.69, 'speaker': 'SPEAKER_2'}, {'start': 16.86, 'end': 20.11, 'speaker': 'SPEAKER_2'}]
- /Users/tabiakarim/ByteBrains-DS2/data/runs/meeting-1771183526/.voice_internal/diarization.json
- /Users/tabiakarim/ByteBrains-DS2/data/runs/meeting-1771183526/.voice_internal/diarization.txt

[9/9] 🔊 Exporting speaker audio snippets...
Skipping SPEAKER_5 (only 2.82s → likely noise)
Saved speaker audio: /Users/tabiakarim/ByteBrains-DS2/data/runs/meeting-1771183526/speaker_audio/SPEAKER_2.wav (481.59s)
Saved speaker audio: /Users/tabiakarim/ByteBrains-DS2/data/runs/meeting-1771183526/speaker_audio/SPEAKER_0.wav (386.22s)
Skipping SPEAKER_18 (only 1.53s → likely noise)
Saved speaker audio: /Users/tabiakarim/ByteBrains-DS2/data/runs/meeting-1771183526/speaker_audio/SPEAKER_14.wav (161.90s)
Skipping SPEAKER_4 (only 2.16s → likely noise)
Skipping SPEAKER_10 (only 3.83s → likely noise)
Skipping SPEAKER_21 (only 2.20s → likely noise)
Skipping SPEAKER_19 (only 1.15s → likely noise)
Saved speaker audio: /Users/tabiakarim/ByteBrains-DS2/data/runs/meeting-1771183526/speaker_audio/SPEAKER_1.wav (24.73s)
Skipping SPEAKER_7 (only 4.16s → likely noise)
Skipping SPEAKER_6 (only 3.28s → likely noise)
Saved speaker audio: /Users/tabiakarim/ByteBrains-DS2/data/runs/meeting-1771183526/speaker_audio/SPEAKER_3.wav (53.34s)
Skipping SPEAKER_11 (only 1.32s → likely noise)
Skipping SPEAKER_12 (only 4.57s → likely noise)
Skipping SPEAKER_15 (only 1.30s → likely noise)
Skipping SPEAKER_13 (only 6.32s → likely noise)
Skipping SPEAKER_17 (only 1.02s → likely noise)
Skipping SPEAKER_20 (only 1.17s → likely noise)
Skipping SPEAKER_8 (only 1.52s → likely noise)
Skipping SPEAKER_9 (only 2.96s → likely noise)
Skipping SPEAKER_16 (only 1.96s → likely noise)
✅ Done in 0.06 sec

[8/9] 📝 Whisper transcription...
[2026-02-15 21:03:18.451] [ctranslate2] [thread 5957067] [warning] The compute type inferred from the saved model is float16, but the target device or backend do not support efficient float16 computation. The model weights have been automatically converted to use the float32 compute type instead.
Transcription Done in 930.12 sec
Transcript with speakers saved at:
/Users/tabiakarim/ByteBrains-DS2/data/runs/meeting-1771183526/transcript_with_speakers.json
✅ Voice pipeline completed successfully
